w25x40Rw.c:41:6:spiIoInit	32	static
w25x40Rw.c:67:6:diPinToInput	4	static
w25x40Rw.c:80:6:diPinToOutput	4	static
w25x40Rw.c:92:6:IO_Send_Byte	24	static
w25x40Rw.c:109:9:IO_Get_Byte	16	static
w25x40Rw.c:128:6:delay	16	static,ignoring_inline_asm
w25x40Rw.c:133:6:IO_Wait_Busy	16	static
w25x40Rw.c:140:6:IO_Wait_WEL	16	static
w25x40Rw.c:147:9:IO_Read_StatusReg	16	static
w25x40Rw.c:157:6:IO_Write_StatusReg	16	static
w25x40Rw.c:170:6:IO_Write_Enable	8	static
w25x40Rw.c:176:6:IO_PowerDown	8	static
w25x40Rw.c:185:6:IO_ReleasePowerDown	8	static
w25x40Rw.c:192:10:IO_Read_ID1	88	static
w25x40Rw.c:214:10:IO_Read_ID2	24	static
w25x40Rw.c:228:10:IO_Read_ID3	16	static
w25x40Rw.c:241:9:IO_Read_Byte	24	static
w25x40Rw.c:260:6:IO_Read_nBytes	40	static
w25x40Rw.c:282:9:IO_FastRead_Byte	24	static
w25x40Rw.c:297:6:IO_FastRead_nBytes	32	static
w25x40Rw.c:314:6:IO_Write_Byte	16	static
w25x40Rw.c:336:6:IO_Write_nBytes	32	static
w25x40Rw.c:365:6:IO_Erase_Chip	8	static
w25x40Rw.c:375:6:IO_Erase_Sector	16	static
w25x40Rw.c:386:6:IO_Write_Disable	8	static
