ethernetif.c:88:6:HAL_ETH_MspInit	64	static
ethernetif.c:143:6:HAL_ETH_MspDeInit	16	static
ethernetif.c:184:6:HAL_ETH_RxCpltCallback	16	static
ethernetif.c:203:13:low_level_init	64	static
ethernetif.c:315:14:low_level_output	48	static
ethernetif.c:399:22:low_level_input	56	static
ethernetif.c:488:6:ethernetif_input	24	static
ethernetif.c:547:7:ethernetif_init	16	static
ethernetif.c:594:7:sys_jiffies	8	static
ethernetif.c:605:7:sys_now	8	static
ethernetif.c:617:6:ethernetif_set_link	24	static
ethernetif.c:658:6:ethernetif_update_config	24	static
ethernetif.c:746:13:ethernetif_notify_conn_changed	16	static
