Modbus.c:90:6:RingAdd	16	static
Modbus.c:107:9:RingGetAllBytes	16	static
Modbus.c:112:9:RingGetNBytes	32	static
Modbus.c:131:9:RingCountBytes	16	static
Modbus.c:135:6:RingClear	16	static
Modbus.c:173:6:ModbusInit	24	static
Modbus.c:297:6:ModbusStart	16	static
Modbus.c:411:6:vTimerCallbackT35	32	static
Modbus.c:427:6:vTimerCallbackTimeout	24	static
Modbus.c:443:6:TCPwaitConnData	48	static
Modbus.c:516:6:TCPinitserver	24	static,ignoring_inline_asm
Modbus.c:551:6:StartTaskModbusDual	80	static
Modbus.c:732:6:StartTaskModbusSlave	64	static
Modbus.c:927:6:ModbusQuery	16	static
Modbus.c:938:6:ModbusQueryInject	16	static
Modbus.c:957:8:SendQuery	24	static
Modbus.c:1054:12:TCPconnectserver	32	static
Modbus.c:1075:19:TCPgetRxBuffer	40	static
Modbus.c:1121:6:StartTaskModbusMaster	80	static
Modbus.c:1237:6:get_FC1	32	static
Modbus.c:1258:6:get_FC3	32	static
Modbus.c:1275:9:validateAnswer	24	static
Modbus.c:1320:9:getRxBuffer	24	static
Modbus.c:1351:9:validateRequest	24	static
Modbus.c:1456:10:word	24	static
Modbus.c:1472:10:calcCRC	32	static
Modbus.c:1501:6:buildException	24	static
Modbus.c:1525:13:sendTxBuffer	64	static
Modbus.c:1658:8:process_FC1	32	static
Modbus.c:1710:8:process_FC3	24	static
Modbus.c:1740:8:process_FC5	24	static
Modbus.c:1769:8:process_FC6	24	static
Modbus.c:1794:8:process_FC15	32	static
Modbus.c:1842:8:process_FC16	32	static
