appOutdoorComs.c:54:9:ScaleToPercent	24	static
appOutdoorComs.c:60:9:ScaleToHz	24	static
appOutdoorComs.c:71:23:CompDischagePrtectionCheck	24	static
appOutdoorComs.c:118:23:IPMTempPrtectionCheck	24	static
appOutdoorComs.c:159:23:evaAntifreezeProtectCheck	24	static
appOutdoorComs.c:204:23:CurerntProtectCheck	16	static
appOutdoorComs.c:238:23:CondenserTempProtectCheck	24	static
appOutdoorComs.c:285:6:CaculateOutDoorFreqLimit	24	static
appOutdoorComs.c:344:10:AdjustCompFreq	32	static,ignoring_inline_asm
appOutdoorComs.c:456:6:AdjOutDoorFanLinear	24	static
appOutdoorComs.c:474:6:AdjExpnation	24	static
appOutdoorComs.c:515:10:checksum_cal	24	static
appOutdoorComs.c:533:6:sendReadStatusCmd	16	static
appOutdoorComs.c:547:6:sendClearFaultCmd	8	static
appOutdoorComs.c:567:6:sendChangeCtrlInputModeCmd	16	static
appOutdoorComs.c:581:6:sendSetTargetSpdCmd	16	static
appOutdoorComs.c:595:6:sendReadRegCmd	16	static
appOutdoorComs.c:609:6:sendWriteRegCmd	16	static
appOutdoorComs.c:623:6:USER_UART_IRQHandler	24	static
appOutdoorComs.c:643:6:StartOutdoorComs	40	static,ignoring_inline_asm
