core_cm4.h:1939:34:__NVIC_SystemReset	4	static,ignoring_inline_asm
appSystem.c:58:10:LoadParamFromEEprom	24	static
appSystem.c:112:10:LoadInternalEEProm	248	static
appSystem.c:182:6:SaveInternalEEProm	24	static
appSystem.c:265:6:SaveStatsToEEprom	16	static
appSystem.c:274:6:LoadStatsFromEEprom	176	static
appSystem.c:350:6:LoadHealth	4	static
appSystem.c:354:6:SaveHaelth	4	static
appSystem.c:358:6:CheckParams	88	static
appSystem.c:397:6:CalcFanCompressorOff	4	static
appSystem.c:445:6:CalcFanCompressorOn	24	static
appSystem.c:462:6:CalcFanPID	40	static
appSystem.c:494:6:ControlDampper	24	static
appSystem.c:515:6:ControlSafe	4	static
appSystem.c:519:6:CalcCompPID	24	static
appSystem.c:541:6:CheckPower	8	static
appSystem.c:550:6:CheckMode_PID	32	static
appSystem.c:697:6:LoadDefaults	24	static
appSystem.c:740:6:RunMachineTest	24	static
appSystem.c:837:6:StartSystemTask	72	static
appSystem.c:1191:6:DEMOMode	16	static
