main.c:205:5:main	8	static
main.c:428:6:SystemClock_Config	88	static
main.c:473:13:MX_ADC1_Init	24	static
main.c:587:13:MX_DAC_Init	16	static
main.c:625:13:MX_RTC_Init	72	static
main.c:712:13:MX_TIM1_Init	96	static
main.c:787:13:MX_TIM3_Init	32	static
main.c:832:13:MX_TIM4_Init	64	static
main.c:891:13:MX_UART4_Init	8	static
main.c:924:13:MX_USART1_UART_Init	8	static
main.c:957:13:MX_USART2_UART_Init	8	static
main.c:990:13:MX_USART3_UART_Init	8	static
main.c:1021:13:MX_DMA_Init	16	static
main.c:1046:13:MX_GPIO_Init	56	static
main.c:1167:13:StartSystemTask	16	static
main.c:1188:6:HAL_TIM_PeriodElapsedCallback	16	static
main.c:1205:6:Error_Handler	4	static
