stm32f4xx_it.c:83:6:NMI_Handler	4	static
stm32f4xx_it.c:96:6:HardFault_Handler	8	static
stm32f4xx_it.c:111:6:MemManage_Handler	4	static
stm32f4xx_it.c:126:6:BusFault_Handler	4	static
stm32f4xx_it.c:141:6:UsageFault_Handler	4	static
stm32f4xx_it.c:156:6:DebugMon_Handler	4	static
stm32f4xx_it.c:176:6:EXTI3_IRQHandler	8	static
stm32f4xx_it.c:190:6:EXTI4_IRQHandler	8	static
stm32f4xx_it.c:204:6:DMA1_Stream5_IRQHandler	8	static
stm32f4xx_it.c:218:6:DMA1_Stream6_IRQHandler	8	static
stm32f4xx_it.c:232:6:EXTI9_5_IRQHandler	8	static
stm32f4xx_it.c:247:6:USART1_IRQHandler	8	static
stm32f4xx_it.c:261:6:USART2_IRQHandler	8	static
stm32f4xx_it.c:276:6:EXTI15_10_IRQHandler	8	static
stm32f4xx_it.c:290:6:RTC_Alarm_IRQHandler	8	static
stm32f4xx_it.c:304:6:UART4_IRQHandler	8	static
stm32f4xx_it.c:318:6:TIM6_DAC_IRQHandler	8	static
stm32f4xx_it.c:335:6:DMA2_Stream0_IRQHandler	8	static
stm32f4xx_it.c:349:6:ETH_IRQHandler	8	static
